// Jest Snapshot v1, https://goo.gl/fbAQLP

exports[`SelectionBar should render 1`] = `
<DocumentFragment>
  <div
    class="border-theme-neutral-300 inline-flex items-center flex-shrink-0 overflow-hidden border rounded shadow-sm"
    data-testid="SelectionBar"
    role="radiogroup"
  />
</DocumentFragment>
`;

exports[`SelectionBarOption should render 1`] = `
<DocumentFragment>
  <button
    aria-checked="true"
    class="sc-AxjAm dlugZr focus:outline-none border-b-3 relative px-5 py-3 transition-colors duration-300 border-transparent"
    data-testid="SelectionBarOption"
    role="radio"
  >
    Test 1
  </button>
  <button
    aria-checked="false"
    class="sc-AxjAm dlugZr focus:outline-none border-b-3 relative px-5 py-3 transition-colors duration-300 border-transparent"
    data-testid="SelectionBarOption"
    role="radio"
  >
    Test 2
  </button>
  ,
</DocumentFragment>
`;
