// Jest Snapshot v1, https://goo.gl/fbAQLP

exports[`ImportWallet should render 1st step 1`] = `
<DocumentFragment>
  <section
    class="space-y-8"
    data-testid="ImportWallet__first-step"
  >
    <div
      class="my-8"
    >
      <div
        class="flex items-end justify-between bg-theme-background"
      >
        <div>
          <h1
            class="mb-0 md:text-4xl"
            data-testid="header__title"
          >
            Select a Network
          </h1>
          <div
            class="text-theme-neutral-dark"
            data-testid="header__subtitle"
          >
            Select a Network to import your existing wallet address
          </div>
        </div>
      </div>
    </div>
    <div
      class="space-y-2"
    >
      <fieldset
        class="sc-AxhUy dJlYTe relative mt-1"
      >
        <div
          class="mb-2"
        >
          <label
            class="flex inline-block mb-2 text-sm font-medium FormLabel transition-colors duration-100 text-theme-neutral-dark"
            data-testid="FormLabel"
            for="network"
            label="Network"
          >
            Network
          </label>
        </div>
        <div
          aria-expanded="false"
          aria-haspopup="listbox"
          aria-owns="ImportWallet__network-menu"
          data-testid="SelectNetwork"
          role="combobox"
        >
          <label
            for="ImportWallet__network-input"
            id="ImportWallet__network-label"
          />
          <div
            class="sc-fzozJi OgXfh"
            data-testid="SelectNetworkInput"
          >
            <div
              class="sc-AxheI sc-Axmtr kSmZlB px-4"
            >
              <div
                class="sc-fznZeY eNkokG border-theme-neutral-light text-theme-neutral"
                data-testid="SelectNetworkInput__network"
              />
            </div>
            <input
              aria-autocomplete="list"
              aria-controls="ImportWallet__network-menu"
              aria-labelledby="ImportWallet__network-label"
              autocomplete="off"
              class="sc-AxgMl jRvGoE overflow-hidden w-full bg-theme-background appearance-none rounded border border-theme-neutral-300 text-theme-neutral-900 transition-colors duration-200 px-4 py-3 pl-15"
              data-testid="SelectNetworkInput__input"
              id="ImportWallet__network-input"
              placeholder="Enter a network name"
              value=""
            />
          </div>
        </div>
        <ul
          aria-labelledby="ImportWallet__network-label"
          id="ImportWallet__network-menu"
          role="listbox"
        >
          <li
            aria-selected="false"
            class="inline-block pt-6 mr-6 cursor-pointer"
            data-testid="SelectNetwork__NetworkIcon--container"
            id="ImportWallet__network-item-0"
            role="option"
          >
            <div
              aria-label="Ark"
              class="sc-fznZeY QYNxm border-theme-danger-light text-theme-danger-400"
              data-testid="NetworkIcon-ARK-mainnet"
            >
              <div
                class="sc-AxjAm jakjmk"
                data-testid="NetworkIcon__icon"
                height="26"
                width="26"
              >
                <svg>
                  ark.svg
                </svg>
              </div>
            </div>
          </li>
          <li
            aria-selected="false"
            class="inline-block pt-6 mr-6 cursor-pointer"
            data-testid="SelectNetwork__NetworkIcon--container"
            id="ImportWallet__network-item-1"
            role="option"
          >
            <div
              aria-label="Ark Devnet"
              class="sc-fznZeY QYNxm border-theme-primary-100 text-theme-primary-400"
              data-testid="NetworkIcon-ARK-devnet"
            >
              <div
                class="sc-AxjAm jakjmk"
                data-testid="NetworkIcon__icon"
                height="26"
                width="26"
              >
                <svg>
                  ark.svg
                </svg>
              </div>
            </div>
          </li>
        </ul>
      </fieldset>
    </div>
  </section>
</DocumentFragment>
`;

exports[`ImportWallet should render 2st step 1`] = `
<DocumentFragment>
  <section
    class="space-y-8"
    data-testid="ImportWallet__second-step"
  >
    <div
      class="my-8"
    >
      <div
        class="flex items-end justify-between bg-theme-background"
      >
        <div>
          <h1
            class="mb-0 md:text-4xl"
            data-testid="header__title"
          >
            Import Wallet
          </h1>
          <div
            class="text-theme-neutral-dark"
            data-testid="header__subtitle"
          >
            Enter your wallet password in order to get full access to your money. Or you can choose an address for viewing only.
          </div>
        </div>
      </div>
    </div>
    <div
      class="flex flex-col mt-8"
    >
      <div
        class="flex items-center justify-between"
      >
        <div
          class="text-lg font-semibold text-theme-neutral-dark"
        >
          Use the address only
        </div>
        <label
          class="flex"
        >
          <input
            class="sc-fzqNqU hkUWaQ"
            data-testid="ImportWallet__address-toggle"
            name="isAddressOnly"
            type="checkbox"
          />
          <div
            class="sc-fzoyTs gMaXzP"
          >
            <span
              class="sc-fzoNJl cTxNfD"
            />
          </div>
        </label>
      </div>
      <div
        class="pr-12 mt-1 text-sm text-theme-neutral"
      >
        You can only view your wallet but not send money.
      </div>
    </div>
    <div
      class="mt-8"
      data-testid="ImportWallet__fields"
    >
      <fieldset
        class="sc-AxhUy dJlYTe flex flex-col space-y-2"
      >
        <label
          class="flex inline-block mb-2 text-sm font-medium FormLabel transition-colors duration-100 text-theme-neutral-dark"
          data-testid="FormLabel"
          for="passphrase"
          label="Your Passphrase"
        >
          Your Passphrase
        </label>
        <div
          class="sc-fzozJi OgXfh max-w-20"
        >
          <input
            class="sc-AxgMl jRvGoE overflow-hidden w-full bg-theme-background appearance-none rounded border border-theme-neutral-300 text-theme-neutral-900 transition-colors duration-200 px-4 py-3 pr-12"
            data-testid="ImportWallet__passphrase-input"
            name="passphrase"
            type="password"
          />
          <div
            class="sc-AxheI sc-AxmLO jcthaj my-px mr-4"
          >
            <button
              class="flex items-center justify-center w-full h-full text-2xl focus:outline-none bg-theme-background text-theme-primary-400"
              data-testid="InputPassword__toggle"
              type="button"
            >
              <div
                class="sc-AxjAm cpczEI"
                height="1em"
                width="1em"
              >
                <svg>
                  eye.svg
                </svg>
              </div>
            </button>
          </div>
        </div>
      </fieldset>
    </div>
  </section>
  ,
</DocumentFragment>
`;
